research_digest => Dr., one relevant dentist update: 3-month fluoride varnish recall outperforms 6-month for high-risk adult caries — 2,100-participant for high risk adults study. Source: JIDA Oct 20
regulation_change => Dr., heads-up: DCI revised radiograph dose limits effective 2026-12-15 Deadline: 2026-12-15. Want me to pull out the exact action items for your business?
recall_due => Hi Priya, Dr. Meera's Dental Clinic here — your 6_month_cleaning is due around 2026-11-12. Dental Cleaning @ ₹299. We have Wed 5 Nov, 6pm or Thu 6 Nov, 5pm. Reply with the slot you
perf_dip => Bharat, your calls is down 50% over 7d (baseline 12). Want me to identify the strongest next action from your current listing?
renewal_due => Bharat, your Pro renews in 12 days at ₹4,999. Want me to show you what to review before renewing?
festival_upcoming => Studio11, Diwali is 188 days away. Your live offer is Haircut @ ₹99. Want me to adapt it into a festival-specific message?
wedding_package_followup => Hi Kavya, following up from Studio11 Family Salon: 2026-11-08. We currently have Haircut @ ₹99. Want us to share the next available option?
curious_ask_due => Studio11, quick market signal for your salons: searches for balayage near me are 45% YoY. Want the one service/offer angle I’d test first?
winback_eligible => Glamour, winback eligible Want me to suggest the single next action that fits this trigger?
ipl_match_today => SK, ipl match today. Your current offer is Buy 1 Pizza Get 1 Free (Tue-Thu). Want me to suggest the single next action that fits this trigger?
review_theme_emerged => SK, recent reviews are repeatedly mentioning delivery_late. Want me to turn that pattern into one concrete listing change?
milestone_reached => Mylari, you just reached None review_count. Want me to draft a short post that uses the milestone as social proof?
active_planning_intent => Mylari, active planning intent. Your current offer is Weekday Lunch Thali @ ₹149. Want me to suggest the single next action that fits this trigger?
seasonal_perf_dip => PowerHouse, your views is down 30% over 7d. You already have 3 FREE Trial Classes live. Want me to draft one focused recovery post around it?
customer_lapsed_hard => Hi Rashmi, PowerHouse Fitness here — it’s been a while since your last visit. We currently have 3 FREE Trial Classes. Would you like us to share the next available slot?
active_planning_intent => Zen, active planning intent. Your current offer is First Month @ ₹499. Want me to suggest the single next action that fits this trigger?
trial_followup => Hi Karthik, following up from Zen Yoga Studio: your next step. We currently have First Month @ ₹499. Want us to share the next available option?
supply_alert => Apollo, supply alert. Your current offer is Free Home Delivery > ₹499. Want me to suggest the single next action that fits this trigger?
chronic_refill_due => Hi Mr., Apollo Health Plus Pharmacy here. We have a relevant update for you. Would you like the details?
category_seasonal => Apollo, category seasonal. Your current offer is Free Home Delivery > ₹499. Want me to suggest the single next action that fits this trigger?
gbp_unverified => Sunrise, gbp unverified Want me to suggest the single next action that fits this trigger?
cde_opportunity => Dr., cde opportunity. Your current offer is Dental Cleaning @ ₹299. Want me to suggest the single next action that fits this trigger?
competitor_opened => Dr., a new dentist opened 1.3 km away. Want me to check the one listing signal you can strengthen first?
perf_spike => Zen, nice signal: calls is up 15% in 7d. Want me to turn this spike into one repeatable offer/post?
dormant_with_vera => Glamour, it’s been 14 days since we last worked on your listing. I spotted a fresh opportunity worth 2 minutes. Want to see it?
OK
